Info: Starting: Create block symbol file (.bsf)
Info: qsys-generate C:\Users\alecb\Code\ELEX7660\elex7660laser\ccom.qsys --block-symbol-file --output-directory=C:\Users\alecb\Code\ELEX7660\elex7660laser\ccom --family="Cyclone V" --part=5CSEMA4U23C6
Progress: Loading elex7660laser/ccom.qsys
Progress: Reading input file
Progress: Adding clk_0 [clock_source 25.1]
Progress: Parameterizing module clk_0
Progress: Adding intel_niosv_m_0 [intel_niosv_m 26.0.0]
Progress: Parameterizing module intel_niosv_m_0
Progress: Adding jtag_uart_0 [altera_avalon_jtag_uart 25.1]
Progress: Parameterizing module jtag_uart_0
Progress: Adding onchip_memory2_0 [altera_avalon_onchip_memory2 25.1]
Progress: Parameterizing module onchip_memory2_0
Progress: Adding pio_0 [altera_avalon_pio 25.1]
Progress: Parameterizing module pio_0
Progress: Adding pio_1 [altera_avalon_pio 25.1]
Progress: Parameterizing module pio_1
Progress: Adding pio_q0 [altera_avalon_pio 25.1]
Progress: Parameterizing module pio_q0
Progress: Adding pio_q1 [altera_avalon_pio 25.1]
Progress: Parameterizing module pio_q1
Progress: Adding pio_q2 [altera_avalon_pio 25.1]
Progress: Parameterizing module pio_q2
Progress: Adding pio_q3 [altera_avalon_pio 25.1]
Progress: Parameterizing module pio_q3
Progress: Adding pll_0 [altera_pll 25.1]
Progress: Parameterizing module pll_0
Progress: Building connections
Progress: Parameterizing connections
Progress: Validating
Progress: Done reading input file
Warning: ccom.intel_niosv_m_0: Properties (associatedClock) have been set on interface reset - in composed mode these are ignored
Warning: ccom.intel_niosv_m_0: Properties (associatedClock) have been set on interface ndm_reset_in - in composed mode these are ignored
Warning: ccom.intel_niosv_m_0: Properties (associatedClock,associatedReset) have been set on interface instruction_manager - in composed mode these are ignored
Warning: ccom.intel_niosv_m_0: Properties (associatedClock,associatedReset) have been set on interface data_manager - in composed mode these are ignored
Info: ccom.jtag_uart_0: JTAG UART IP input clock need to be at least double (2x) the operating frequency of JTAG TCK on board
Info: ccom.pio_1: PIO inputs are not hardwired in test bench. Undefined values will be read from PIO inputs during simulation.
Info: ccom.pio_q0: PIO inputs are not hardwired in test bench. Undefined values will be read from PIO inputs during simulation.
Info: ccom.pio_q1: PIO inputs are not hardwired in test bench. Undefined values will be read from PIO inputs during simulation.
Info: ccom.pio_q2: PIO inputs are not hardwired in test bench. Undefined values will be read from PIO inputs during simulation.
Info: ccom.pio_q3: PIO inputs are not hardwired in test bench. Undefined values will be read from PIO inputs during simulation.
Info: ccom.pll_0: The legal reference clock frequency is 5.0 MHz..800.0 MHz
Info: ccom.pll_0: Able to implement PLL with user settings
Warning: ccom.pio_q1: pio_q1.s1 must be connected to an Avalon-MM master
Info: qsys-generate succeeded.
Info: Finished: Create block symbol file (.bsf)
Info: 
Info: Starting: Create HDL design files for synthesis
Info: qsys-generate C:\Users\alecb\Code\ELEX7660\elex7660laser\ccom.qsys --synthesis=VERILOG --output-directory=C:\Users\alecb\Code\ELEX7660\elex7660laser\ccom\synthesis --family="Cyclone V" --part=5CSEMA4U23C6
Progress: Loading elex7660laser/ccom.qsys
Progress: Reading input file
Progress: Adding clk_0 [clock_source 25.1]
Progress: Parameterizing module clk_0
Progress: Adding intel_niosv_m_0 [intel_niosv_m 26.0.0]
Progress: Parameterizing module intel_niosv_m_0
Progress: Adding jtag_uart_0 [altera_avalon_jtag_uart 25.1]
Progress: Parameterizing module jtag_uart_0
Progress: Adding onchip_memory2_0 [altera_avalon_onchip_memory2 25.1]
Progress: Parameterizing module onchip_memory2_0
Progress: Adding pio_0 [altera_avalon_pio 25.1]
Progress: Parameterizing module pio_0
Progress: Adding pio_1 [altera_avalon_pio 25.1]
Progress: Parameterizing module pio_1
Progress: Adding pio_q0 [altera_avalon_pio 25.1]
Progress: Parameterizing module pio_q0
Progress: Adding pio_q1 [altera_avalon_pio 25.1]
Progress: Parameterizing module pio_q1
Progress: Adding pio_q2 [altera_avalon_pio 25.1]
Progress: Parameterizing module pio_q2
Progress: Adding pio_q3 [altera_avalon_pio 25.1]
Progress: Parameterizing module pio_q3
Progress: Adding pll_0 [altera_pll 25.1]
Progress: Parameterizing module pll_0
Progress: Building connections
Progress: Parameterizing connections
Progress: Validating
Progress: Done reading input file
Warning: ccom.intel_niosv_m_0: Properties (associatedClock) have been set on interface reset - in composed mode these are ignored
Warning: ccom.intel_niosv_m_0: Properties (associatedClock) have been set on interface ndm_reset_in - in composed mode these are ignored
Warning: ccom.intel_niosv_m_0: Properties (associatedClock,associatedReset) have been set on interface instruction_manager - in composed mode these are ignored
Warning: ccom.intel_niosv_m_0: Properties (associatedClock,associatedReset) have been set on interface data_manager - in composed mode these are ignored
Info: ccom.jtag_uart_0: JTAG UART IP input clock need to be at least double (2x) the operating frequency of JTAG TCK on board
Info: ccom.pio_1: PIO inputs are not hardwired in test bench. Undefined values will be read from PIO inputs during simulation.
Info: ccom.pio_q0: PIO inputs are not hardwired in test bench. Undefined values will be read from PIO inputs during simulation.
Info: ccom.pio_q1: PIO inputs are not hardwired in test bench. Undefined values will be read from PIO inputs during simulation.
Info: ccom.pio_q2: PIO inputs are not hardwired in test bench. Undefined values will be read from PIO inputs during simulation.
Info: ccom.pio_q3: PIO inputs are not hardwired in test bench. Undefined values will be read from PIO inputs during simulation.
Info: ccom.pll_0: The legal reference clock frequency is 5.0 MHz..800.0 MHz
Info: ccom.pll_0: Able to implement PLL with user settings
Warning: ccom.pio_q1: pio_q1.s1 must be connected to an Avalon-MM master
Info: ccom: Generating "ccom" for QUARTUS_SYNTH
Info: intel_niosv_m_0: "ccom" instantiated intel_niosv_m "intel_niosv_m_0"
Info: jtag_uart_0: "ccom" instantiated altera_avalon_jtag_uart "jtag_uart_0"
Info: onchip_memory2_0: Starting RTL generation for module 'ccom_onchip_memory2_0'
Info: onchip_memory2_0:   Generation command is [exec cmd /c {set LC_ALL=C&& C:/altera_lite/25.1std/quartus/bin64/perl/bin/perl.exe -I C:/altera_lite/25.1std/quartus/bin64/perl/lib -I C:/altera_lite/25.1std/quartus/sopc_builder/bin/europa -I C:/altera_lite/25.1std/quartus/sopc_builder/bin -I C:/altera_lite/25.1std/quartus/../ip/altera/sopc_builder_ip/common -I C:/altera_lite/25.1std/quartus/../ip/altera/sopc_builder_ip/altera_avalon_onchip_memory2 -- C:/altera_lite/25.1std/quartus/../ip/altera/sopc_builder_ip/altera_avalon_onchip_memory2/generate_rtl.pl --name=ccom_onchip_memory2_0 --dir=C:/Users/alecb/AppData/Local/Temp/alt0535_7547872438751927727.dir/0003_onchip_memory2_0_gen/ --quartus_dir=C:/altera_lite/25.1std/quartus --verilog --config=C:/Users/alecb/AppData/Local/Temp/alt0535_7547872438751927727.dir/0003_onchip_memory2_0_gen//ccom_onchip_memory2_0_component_configuration.pl --do_build_sim=0}]
Info: onchip_memory2_0: Done RTL generation for module 'ccom_onchip_memory2_0'
Info: onchip_memory2_0: "ccom" instantiated altera_avalon_onchip_memory2 "onchip_memory2_0"
Info: pio_0: Starting RTL generation for module 'ccom_pio_0'
Info: pio_0:   Generation command is [exec cmd /c {set LC_ALL=C&& C:/altera_lite/25.1std/quartus/bin64/perl/bin/perl.exe -I C:/altera_lite/25.1std/quartus/bin64/perl/lib -I C:/altera_lite/25.1std/quartus/sopc_builder/bin/europa -I C:/altera_lite/25.1std/quartus/sopc_builder/bin -I C:/altera_lite/25.1std/quartus/../ip/altera/sopc_builder_ip/common -I C:/altera_lite/25.1std/quartus/../ip/altera/sopc_builder_ip/altera_avalon_pio -- C:/altera_lite/25.1std/quartus/../ip/altera/sopc_builder_ip/altera_avalon_pio/generate_rtl.pl --name=ccom_pio_0 --dir=C:/Users/alecb/AppData/Local/Temp/alt0535_7547872438751927727.dir/0004_pio_0_gen/ --quartus_dir=C:/altera_lite/25.1std/quartus --verilog --config=C:/Users/alecb/AppData/Local/Temp/alt0535_7547872438751927727.dir/0004_pio_0_gen//ccom_pio_0_component_configuration.pl --do_build_sim=0}]
Info: pio_0: Done RTL generation for module 'ccom_pio_0'
Info: pio_0: "ccom" instantiated altera_avalon_pio "pio_0"
Info: pio_1: Starting RTL generation for module 'ccom_pio_1'
Info: pio_1:   Generation command is [exec cmd /c {set LC_ALL=C&& C:/altera_lite/25.1std/quartus/bin64/perl/bin/perl.exe -I C:/altera_lite/25.1std/quartus/bin64/perl/lib -I C:/altera_lite/25.1std/quartus/sopc_builder/bin/europa -I C:/altera_lite/25.1std/quartus/sopc_builder/bin -I C:/altera_lite/25.1std/quartus/../ip/altera/sopc_builder_ip/common -I C:/altera_lite/25.1std/quartus/../ip/altera/sopc_builder_ip/altera_avalon_pio -- C:/altera_lite/25.1std/quartus/../ip/altera/sopc_builder_ip/altera_avalon_pio/generate_rtl.pl --name=ccom_pio_1 --dir=C:/Users/alecb/AppData/Local/Temp/alt0535_7547872438751927727.dir/0005_pio_1_gen/ --quartus_dir=C:/altera_lite/25.1std/quartus --verilog --config=C:/Users/alecb/AppData/Local/Temp/alt0535_7547872438751927727.dir/0005_pio_1_gen//ccom_pio_1_component_configuration.pl --do_build_sim=0}]
Info: pio_1: Done RTL generation for module 'ccom_pio_1'
Info: pio_1: "ccom" instantiated altera_avalon_pio "pio_1"
Info: pio_q0: Starting RTL generation for module 'ccom_pio_q0'
Info: pio_q0:   Generation command is [exec cmd /c {set LC_ALL=C&& C:/altera_lite/25.1std/quartus/bin64/perl/bin/perl.exe -I C:/altera_lite/25.1std/quartus/bin64/perl/lib -I C:/altera_lite/25.1std/quartus/sopc_builder/bin/europa -I C:/altera_lite/25.1std/quartus/sopc_builder/bin -I C:/altera_lite/25.1std/quartus/../ip/altera/sopc_builder_ip/common -I C:/altera_lite/25.1std/quartus/../ip/altera/sopc_builder_ip/altera_avalon_pio -- C:/altera_lite/25.1std/quartus/../ip/altera/sopc_builder_ip/altera_avalon_pio/generate_rtl.pl --name=ccom_pio_q0 --dir=C:/Users/alecb/AppData/Local/Temp/alt0535_7547872438751927727.dir/0006_pio_q0_gen/ --quartus_dir=C:/altera_lite/25.1std/quartus --verilog --config=C:/Users/alecb/AppData/Local/Temp/alt0535_7547872438751927727.dir/0006_pio_q0_gen//ccom_pio_q0_component_configuration.pl --do_build_sim=0}]
Info: pio_q0: Done RTL generation for module 'ccom_pio_q0'
Info: pio_q0: "ccom" instantiated altera_avalon_pio "pio_q0"
Info: pll_0: "ccom" instantiated altera_pll "pll_0"
Info: avalon_st_adapter: Inserting error_adapter: error_adapter_0
Info: avalon_st_adapter_001: Inserting error_adapter: error_adapter_0
Info: avalon_st_adapter_002: Inserting error_adapter: error_adapter_0
Info: avalon_st_adapter_003: Inserting error_adapter: error_adapter_0
Info: avalon_st_adapter_004: Inserting error_adapter: error_adapter_0
Info: avalon_st_adapter_005: Inserting error_adapter: error_adapter_0
Info: avalon_st_adapter_006: Inserting error_adapter: error_adapter_0
Info: avalon_st_adapter_007: Inserting error_adapter: error_adapter_0
Info: avalon_st_adapter_008: Inserting error_adapter: error_adapter_0
Info: mm_interconnect_0: "ccom" instantiated altera_mm_interconnect "mm_interconnect_0"
Info: irq_mapper: "ccom" instantiated altera_irq_mapper "irq_mapper"
Info: rst_controller: "ccom" instantiated altera_reset_controller "rst_controller"
Info: niosv_reset_controller: "Generating: niosv_reset_controller"
Info: hart: "intel_niosv_m_0" instantiated intel_niosv_m_unit "hart"
Info: timer_module: "intel_niosv_m_0" instantiated intel_niosv_timer_msip "timer_module"
Info: dbg_mod: "intel_niosv_m_0" instantiated intel_niosv_dbg_mod "dbg_mod"
Info: Reusing file C:/Users/alecb/Code/ELEX7660/elex7660laser/ccom/synthesis/submodules/niosv_ram.sv
Info: irq_mapper: "intel_niosv_m_0" instantiated altera_irq_mapper "irq_mapper"
Info: intel_niosv_m_0_data_manager_translator: "mm_interconnect_0" instantiated altera_merlin_master_translator "intel_niosv_m_0_data_manager_translator"
Info: jtag_uart_0_avalon_jtag_slave_translator: "mm_interconnect_0" instantiated altera_merlin_slave_translator "jtag_uart_0_avalon_jtag_slave_translator"
Info: intel_niosv_m_0_data_manager_agent: "mm_interconnect_0" instantiated altera_merlin_master_agent "intel_niosv_m_0_data_manager_agent"
Info: jtag_uart_0_avalon_jtag_slave_agent: "mm_interconnect_0" instantiated altera_merlin_slave_agent "jtag_uart_0_avalon_jtag_slave_agent"
Info: jtag_uart_0_avalon_jtag_slave_agent_rsp_fifo: "mm_interconnect_0" instantiated altera_avalon_sc_fifo "jtag_uart_0_avalon_jtag_slave_agent_rsp_fifo"
Info: router: "mm_interconnect_0" instantiated altera_merlin_router "router"
Info: router_001: "mm_interconnect_0" instantiated altera_merlin_router "router_001"
Info: router_002: "mm_interconnect_0" instantiated altera_merlin_router "router_002"
Info: router_003: "mm_interconnect_0" instantiated altera_merlin_router "router_003"
Info: intel_niosv_m_0_data_manager_limiter: "mm_interconnect_0" instantiated altera_merlin_traffic_limiter "intel_niosv_m_0_data_manager_limiter"
Info: Reusing file C:/Users/alecb/Code/ELEX7660/elex7660laser/ccom/synthesis/submodules/altera_avalon_sc_fifo.v
Info: Reusing file C:/Users/alecb/Code/ELEX7660/elex7660laser/ccom/synthesis/submodules/altera_avalon_st_pipeline_base.v
Info: cmd_demux: "mm_interconnect_0" instantiated altera_merlin_demultiplexer "cmd_demux"
Info: cmd_demux_001: "mm_interconnect_0" instantiated altera_merlin_demultiplexer "cmd_demux_001"
Info: cmd_mux: "mm_interconnect_0" instantiated altera_merlin_multiplexer "cmd_mux"
Info: cmd_mux_001: "mm_interconnect_0" instantiated altera_merlin_multiplexer "cmd_mux_001"
Info: Reusing file C:/Users/alecb/Code/ELEX7660/elex7660laser/ccom/synthesis/submodules/altera_merlin_arbitrator.sv
Info: rsp_demux: "mm_interconnect_0" instantiated altera_merlin_demultiplexer "rsp_demux"
Info: rsp_demux_001: "mm_interconnect_0" instantiated altera_merlin_demultiplexer "rsp_demux_001"
Info: rsp_mux: "mm_interconnect_0" instantiated altera_merlin_multiplexer "rsp_mux"
Info: Reusing file C:/Users/alecb/Code/ELEX7660/elex7660laser/ccom/synthesis/submodules/altera_merlin_arbitrator.sv
Info: rsp_mux_001: "mm_interconnect_0" instantiated altera_merlin_multiplexer "rsp_mux_001"
Info: Reusing file C:/Users/alecb/Code/ELEX7660/elex7660laser/ccom/synthesis/submodules/altera_merlin_arbitrator.sv
Info: avalon_st_adapter: "mm_interconnect_0" instantiated altera_avalon_st_adapter "avalon_st_adapter"
Info: niosv_reset_controller: "hart" instantiated intel_niosv_m_unit "niosv_reset_controller"
Info: error_adapter_0: "avalon_st_adapter" instantiated error_adapter "error_adapter_0"
Info: ccom: Done "ccom" with 36 modules, 94 files
Info: qsys-generate succeeded.
Info: Finished: Create HDL design files for synthesis
